------------------------------------------------------------
Timing Analyzer Summary
------------------------------------------------------------

Type  : Slow 1200mV 85C Model Setup 'clk'
Slack : -1.475
TNS   : -9.630

Type  : Slow 1200mV 85C Model Hold 'clk'
Slack : 0.404
TNS   : 0.000

Type  : Slow 1200mV 85C Model Recovery 'clk'
Slack : -2.481
TNS   : -9.978

Type  : Slow 1200mV 85C Model Removal 'clk'
Slack : 1.492
TNS   : 0.000

Type  : Slow 1200mV 85C Model Minimum Pulse Width 'clk'
Slack : -3.000
TNS   : -14.565

Type  : Slow 1200mV 0C Model Setup 'clk'
Slack : -1.263
TNS   : -7.974

Type  : Slow 1200mV 0C Model Hold 'clk'
Slack : 0.355
TNS   : 0.000

Type  : Slow 1200mV 0C Model Recovery 'clk'
Slack : -2.157
TNS   : -8.575

Type  : Slow 1200mV 0C Model Removal 'clk'
Slack : 1.354
TNS   : 0.000

Type  : Slow 1200mV 0C Model Minimum Pulse Width 'clk'
Slack : -3.000
TNS   : -14.565

Type  : Fast 1200mV 0C Model Setup 'clk'
Slack : -0.220
TNS   : -0.492

Type  : Fast 1200mV 0C Model Hold 'clk'
Slack : 0.182
TNS   : 0.000

Type  : Fast 1200mV 0C Model Recovery 'clk'
Slack : -0.694
TNS   : -2.297

Type  : Fast 1200mV 0C Model Removal 'clk'
Slack : 0.714
TNS   : 0.000

Type  : Fast 1200mV 0C Model Minimum Pulse Width 'clk'
Slack : -3.000
TNS   : -12.576

------------------------------------------------------------
