------------------------------------------------------------
Timing Analyzer Summary
------------------------------------------------------------

Type  : Slow 1200mV 85C Model Setup 'clk'
Slack : -6.504
TNS   : -233.628

Type  : Slow 1200mV 85C Model Setup 'po:i1|reg_a[0]'
Slack : -3.571
TNS   : -3.571

Type  : Slow 1200mV 85C Model Hold 'po:i1|reg_a[0]'
Slack : 0.183
TNS   : 0.000

Type  : Slow 1200mV 85C Model Hold 'clk'
Slack : 0.402
TNS   : 0.000

Type  : Slow 1200mV 85C Model Recovery 'clk'
Slack : -2.490
TNS   : -9.335

Type  : Slow 1200mV 85C Model Removal 'clk'
Slack : 1.593
TNS   : 0.000

Type  : Slow 1200mV 85C Model Minimum Pulse Width 'clk'
Slack : -3.000
TNS   : -76.245

Type  : Slow 1200mV 85C Model Minimum Pulse Width 'po:i1|reg_a[0]'
Slack : 0.438
TNS   : 0.000

Type  : Slow 1200mV 0C Model Setup 'clk'
Slack : -5.931
TNS   : -208.257

Type  : Slow 1200mV 0C Model Setup 'po:i1|reg_a[0]'
Slack : -3.246
TNS   : -3.246

Type  : Slow 1200mV 0C Model Hold 'po:i1|reg_a[0]'
Slack : 0.191
TNS   : 0.000

Type  : Slow 1200mV 0C Model Hold 'clk'
Slack : 0.353
TNS   : 0.000

Type  : Slow 1200mV 0C Model Recovery 'clk'
Slack : -2.158
TNS   : -7.944

Type  : Slow 1200mV 0C Model Removal 'clk'
Slack : 1.432
TNS   : 0.000

Type  : Slow 1200mV 0C Model Minimum Pulse Width 'clk'
Slack : -3.000
TNS   : -76.245

Type  : Slow 1200mV 0C Model Minimum Pulse Width 'po:i1|reg_a[0]'
Slack : 0.430
TNS   : 0.000

Type  : Fast 1200mV 0C Model Setup 'clk'
Slack : -2.790
TNS   : -87.614

Type  : Fast 1200mV 0C Model Setup 'po:i1|reg_a[0]'
Slack : -1.549
TNS   : -1.549

Type  : Fast 1200mV 0C Model Hold 'po:i1|reg_a[0]'
Slack : 0.064
TNS   : 0.000

Type  : Fast 1200mV 0C Model Hold 'clk'
Slack : 0.181
TNS   : 0.000

Type  : Fast 1200mV 0C Model Recovery 'clk'
Slack : -0.697
TNS   : -2.100

Type  : Fast 1200mV 0C Model Removal 'clk'
Slack : 0.761
TNS   : 0.000

Type  : Fast 1200mV 0C Model Minimum Pulse Width 'clk'
Slack : -3.000
TNS   : -62.742

Type  : Fast 1200mV 0C Model Minimum Pulse Width 'po:i1|reg_a[0]'
Slack : 0.445
TNS   : 0.000

------------------------------------------------------------
