------------------------------------------------------------
Timing Analyzer Summary
------------------------------------------------------------

Type  : Slow 1200mV 85C Model Setup 'clk'
Slack : -6.392
TNS   : -242.307

Type  : Slow 1200mV 85C Model Setup 'po:i1|reg_a[0]'
Slack : -4.273
TNS   : -4.273

Type  : Slow 1200mV 85C Model Hold 'clk'
Slack : 0.401
TNS   : 0.000

Type  : Slow 1200mV 85C Model Hold 'po:i1|reg_a[0]'
Slack : 0.410
TNS   : 0.000

Type  : Slow 1200mV 85C Model Recovery 'clk'
Slack : -2.431
TNS   : -10.491

Type  : Slow 1200mV 85C Model Removal 'clk'
Slack : 1.713
TNS   : 0.000

Type  : Slow 1200mV 85C Model Minimum Pulse Width 'clk'
Slack : -3.000
TNS   : -76.245

Type  : Slow 1200mV 85C Model Minimum Pulse Width 'po:i1|reg_a[0]'
Slack : 0.418
TNS   : 0.000

Type  : Slow 1200mV 0C Model Setup 'clk'
Slack : -5.724
TNS   : -215.924

Type  : Slow 1200mV 0C Model Setup 'po:i1|reg_a[0]'
Slack : -3.913
TNS   : -3.913

Type  : Slow 1200mV 0C Model Hold 'clk'
Slack : 0.352
TNS   : 0.000

Type  : Slow 1200mV 0C Model Hold 'po:i1|reg_a[0]'
Slack : 0.374
TNS   : 0.000

Type  : Slow 1200mV 0C Model Recovery 'clk'
Slack : -2.086
TNS   : -9.056

Type  : Slow 1200mV 0C Model Removal 'clk'
Slack : 1.566
TNS   : 0.000

Type  : Slow 1200mV 0C Model Minimum Pulse Width 'clk'
Slack : -3.000
TNS   : -76.245

Type  : Slow 1200mV 0C Model Minimum Pulse Width 'po:i1|reg_a[0]'
Slack : 0.431
TNS   : 0.000

Type  : Fast 1200mV 0C Model Setup 'clk'
Slack : -2.761
TNS   : -91.290

Type  : Fast 1200mV 0C Model Setup 'po:i1|reg_a[0]'
Slack : -1.906
TNS   : -1.906

Type  : Fast 1200mV 0C Model Hold 'clk'
Slack : 0.181
TNS   : 0.000

Type  : Fast 1200mV 0C Model Hold 'po:i1|reg_a[0]'
Slack : 0.189
TNS   : 0.000

Type  : Fast 1200mV 0C Model Recovery 'clk'
Slack : -0.687
TNS   : -2.585

Type  : Fast 1200mV 0C Model Removal 'clk'
Slack : 0.802
TNS   : 0.000

Type  : Fast 1200mV 0C Model Minimum Pulse Width 'clk'
Slack : -3.000
TNS   : -62.658

Type  : Fast 1200mV 0C Model Minimum Pulse Width 'po:i1|reg_a[0]'
Slack : 0.452
TNS   : 0.000

------------------------------------------------------------
